34 cached cases; building advection fields
  2026072111
  2026072117
  2026072123
  2026072205
  2026072211
  2026072217
  2026072223
  2026072305
  2026072311
  2026072317
  2026072323
  2026072405
  2026072411
  2026072417
  2026072423
  2026072505
  2026072511
  2026072517
  2026072523
  2026072605
  2026072611
  2026072617
  2026072623
  2026072705
  2026072711
  2026072717
  2026072722
  2026072723
  2026072804
  2026072805
  2026072810
  2026072811
  2026072816
  2026072817

top settings on the fit half (17 cases)
  cross  tau    1 mm/h    4 mm/h    8 mm/h     mean
    120   60    0.1672    0.0623    0.0329   0.0875
    105   60    0.1670    0.0624    0.0328   0.0874
    135   60    0.1671    0.0622    0.0329   0.0874
     90   60    0.1668    0.0625    0.0328   0.0874
    135   45    0.1670    0.0621    0.0328   0.0873
    120   45    0.1669    0.0623    0.0327   0.0873

held-out half (17 cases)
         setting    1 mm/h    4 mm/h    8 mm/h
  shipped 120/45    0.1698    0.0692    0.0370
candidate 120/60    0.1701    0.0692    0.0370

candidate wins every threshold on held-out: True  -> worth shipping
