ML correction active: False  (false => 'gfs' is the raw model)
case 2026-07-26 00:00Z
  + 30m  persistence=0.4891  advection=0.6102  gfs=0.2088  blend=0.6102  x300=0.6102  x360=0.6102  x420=0.6102  x480=0.6102  x540=0.6102
  + 90m  persistence=0.3040  advection=0.3980  gfs=0.1972  blend=0.3983  x300=0.3983  x360=0.3983  x420=0.3983  x480=0.3983  x540=0.3983
  +150m  persistence=0.2341  advection=0.2985  gfs=0.1996  blend=0.3003  x300=0.3003  x360=0.3003  x420=0.3003  x480=0.3003  x540=0.3003
  +210m  persistence=0.1846  advection=0.2342  gfs=0.1931  blend=0.2413  x300=0.2413  x360=0.2413  x420=0.2413  x480=0.2413  x540=0.2413
  +270m  persistence=0.1463  advection=0.1888  gfs=0.1865  blend=0.2134  x300=0.2134  x360=0.2134  x420=0.2134  x480=0.2134  x540=0.2134
case 2026-07-26 12:00Z
  + 30m  persistence=0.4815  advection=0.5941  gfs=0.1989  blend=0.5941  x300=0.5941  x360=0.5941  x420=0.5941  x480=0.5941  x540=0.5941
  + 90m  persistence=0.2881  advection=0.3703  gfs=0.1911  blend=0.3709  x300=0.3709  x360=0.3709  x420=0.3709  x480=0.3709  x540=0.3709
  +150m  persistence=0.2130  advection=0.2783  gfs=0.1928  blend=0.2806  x300=0.2806  x360=0.2806  x420=0.2806  x480=0.2806  x540=0.2806
  +210m  persistence=0.1628  advection=0.2158  gfs=0.1909  blend=0.2245  x300=0.2245  x360=0.2245  x420=0.2245  x480=0.2245  x540=0.2245
  +270m  persistence=0.1256  advection=0.1681  gfs=0.1819  blend=0.1945  x300=0.1945  x360=0.1945  x420=0.1945  x480=0.1945  x540=0.1945
case 2026-07-27 00:00Z
  + 30m  persistence=0.4737  advection=0.5867  gfs=0.1959  blend=0.5867  x300=0.5867  x360=0.5867  x420=0.5867  x480=0.5867  x540=0.5867
  + 90m  persistence=0.2888  advection=0.3710  gfs=0.1851  blend=0.3713  x300=0.3713  x360=0.3713  x420=0.3713  x480=0.3713  x540=0.3713
  +150m  persistence=0.2090  advection=0.2689  gfs=0.1921  blend=0.2705  x300=0.2705  x360=0.2705  x420=0.2705  x480=0.2705  x540=0.2705
  +210m  persistence=0.1596  advection=0.2045  gfs=0.1869  blend=0.2121  x300=0.2121  x360=0.2121  x420=0.2121  x480=0.2121  x540=0.2121
  +270m  persistence=0.1295  advection=0.1616  gfs=0.1845  blend=0.1871  x300=0.1871  x360=0.1871  x420=0.1871  x480=0.1871  x540=0.1871
case 2026-07-27 12:00Z
  + 30m  persistence=0.3996  advection=0.4600  gfs=0.1812  blend=0.4600  x300=0.4600  x360=0.4600  x420=0.4600  x480=0.4600  x540=0.4600
  + 90m  persistence=0.2561  advection=0.3158  gfs=0.1812  blend=0.3164  x300=0.3164  x360=0.3164  x420=0.3164  x480=0.3164  x540=0.3164
  +150m  persistence=0.1921  advection=0.2466  gfs=0.1874  blend=0.2490  x300=0.2490  x360=0.2490  x420=0.2490  x480=0.2490  x540=0.2490
  +210m  persistence=0.1496  advection=0.1979  gfs=0.1885  blend=0.2069  x300=0.2069  x360=0.2069  x420=0.2069  x480=0.2069  x540=0.2069
  +270m  persistence=0.1249  advection=0.1726  gfs=0.1884  blend=0.2032  x300=0.2032  x360=0.2032  x420=0.2032  x480=0.2032  x540=0.2032
case 2026-07-28 00:00Z
obs: slot 2026-07-28 01:30 failed: ('Connection aborted.', RemoteDisconnected('Remote end closed connection without response'))
  + 30m  persistence=0.4812  advection=0.5998  gfs=0.2096  blend=0.5998  x300=0.5998  x360=0.5998  x420=0.5998  x480=0.5998  x540=0.5998
  + 90m  persistence=0.3274  advection=0.3872  gfs=0.2050  blend=0.3874  x300=0.3874  x360=0.3874  x420=0.3874  x480=0.3874  x540=0.3874
  +150m  persistence=0.2243  advection=0.2783  gfs=0.1996  blend=0.2801  x300=0.2801  x360=0.2801  x420=0.2801  x480=0.2801  x540=0.2801
  +210m  persistence=0.1692  advection=0.2193  gfs=0.1905  blend=0.2252  x300=0.2252  x360=0.2252  x420=0.2252  x480=0.2252  x540=0.2252
  +270m  persistence=0.1383  advection=0.1726  gfs=0.1828  blend=0.1946  x300=0.1946  x360=0.1946  x420=0.1946  x480=0.1946  x540=0.1946
case 2026-07-28 12:00Z
  + 30m  persistence=0.4712  advection=0.5958  gfs=0.1893  blend=0.5958  x300=0.5958  x360=0.5958  x420=0.5958  x480=0.5958  x540=0.5958
  + 90m  persistence=0.2900  advection=0.3813  gfs=0.1918  blend=0.3819  x300=0.3819  x360=0.3819  x420=0.3819  x480=0.3819  x540=0.3819
  +150m  persistence=0.2130  advection=0.2849  gfs=0.1910  blend=0.2872  x300=0.2872  x360=0.2872  x420=0.2872  x480=0.2872  x540=0.2872
  +210m  persistence=0.1649  advection=0.2168  gfs=0.1952  blend=0.2267  x300=0.2267  x360=0.2267  x420=0.2267  x480=0.2267  x540=0.2267
  +270m  persistence=0.1352  advection=0.1733  gfs=0.1890  blend=0.2039  x300=0.2039  x360=0.2039  x420=0.2039  x480=0.2039  x540=0.2039
case 2026-07-29 00:00Z
  + 30m  persistence=0.4763  advection=0.5991  gfs=0.2037  blend=0.5991  x300=0.5991  x360=0.5991  x420=0.5991  x480=0.5991  x540=0.5991
  + 90m  persistence=0.3043  advection=0.3818  gfs=0.2000  blend=0.3825  x300=0.3825  x360=0.3825  x420=0.3825  x480=0.3825  x540=0.3825
  +150m  persistence=0.2315  advection=0.2819  gfs=0.2002  blend=0.2844  x300=0.2844  x360=0.2844  x420=0.2844  x480=0.2844  x540=0.2844
  +210m  persistence=0.1820  advection=0.2145  gfs=0.1989  blend=0.2276  x300=0.2276  x360=0.2276  x420=0.2276  x480=0.2276  x540=0.2276
  +270m  persistence=0.1463  advection=0.1678  gfs=0.1941  blend=0.2046  x300=0.2046  x360=0.2046  x420=0.2046  x480=0.2046  x540=0.2046
case 2026-07-29 12:00Z
  + 30m  persistence=0.4862  advection=0.6043  gfs=0.2065  blend=0.6043  x300=0.6043  x360=0.6043  x420=0.6043  x480=0.6043  x540=0.6043
  + 90m  persistence=0.3095  advection=0.3796  gfs=0.1978  blend=0.3799  x300=0.3799  x360=0.3799  x420=0.3799  x480=0.3799  x540=0.3799
  +150m  persistence=0.2269  advection=0.2725  gfs=0.1940  blend=0.2741  x300=0.2741  x360=0.2741  x420=0.2741  x480=0.2741  x540=0.2741
  +210m  persistence=0.1780  advection=0.2074  gfs=0.1931  blend=0.2150  x300=0.2150  x360=0.2150  x420=0.2150  x480=0.2150  x540=0.2150
  +270m  persistence=0.1484  advection=0.1626  gfs=0.1889  blend=0.1920  x300=0.1920  x360=0.1920  x420=0.1920  x480=0.1920  x540=0.1920

=== pooled CSI, dBZ>=5, 8 case(s) ===
lead      persistence    advection          gfs        blend         x300         x360         x420         x480         x540
+ 30m        0.5346       0.6282       0.1358       0.6282       0.6282       0.6282       0.6282       0.6282       0.6282
+ 90m        0.3655       0.4403       0.1311       0.4417       0.4417       0.4417       0.4417       0.4417       0.4417
+150m        0.2852       0.3469       0.1323       0.3590       0.3590       0.3590       0.3590       0.3590       0.3590
+210m        0.2323       0.2801       0.1308       0.3083       0.3083       0.3083       0.3083       0.3083       0.3083
+270m        0.1949       0.2323       0.1277       0.2595       0.2595       0.2595       0.2595       0.2595       0.2595

=== pooled CSI, dBZ>=10, 8 case(s) ===
lead      persistence    advection          gfs        blend         x300         x360         x420         x480         x540
+ 30m        0.5217       0.6189       0.1550       0.6189       0.6189       0.6189       0.6189       0.6189       0.6189
+ 90m        0.3507       0.4264       0.1486       0.4273       0.4273       0.4273       0.4273       0.4273       0.4273
+150m        0.2701       0.3317       0.1500       0.3385       0.3385       0.3385       0.3385       0.3385       0.3385
+210m        0.2175       0.2653       0.1479       0.2926       0.2926       0.2926       0.2926       0.2926       0.2926
+270m        0.1812       0.2182       0.1443       0.2628       0.2628       0.2628       0.2628       0.2628       0.2628

=== pooled CSI, dBZ>=20, 8 case(s) ===
lead      persistence    advection          gfs        blend         x300         x360         x420         x480         x540
+ 30m        0.4705       0.5819       0.1993       0.5819       0.5819       0.5819       0.5819       0.5819       0.5819
+ 90m        0.2963       0.3737       0.1937       0.3741       0.3741       0.3741       0.3741       0.3741       0.3741
+150m        0.2182       0.2766       0.1946       0.2786       0.2786       0.2786       0.2786       0.2786       0.2786
+210m        0.1689       0.2141       0.1921       0.2226       0.2226       0.2226       0.2226       0.2226       0.2226
+270m        0.1368       0.1711       0.1870       0.1993       0.1993       0.1993       0.1993       0.1993       0.1993

=== pooled CSI, dBZ>=30, 8 case(s) ===
lead      persistence    advection          gfs        blend         x300         x360         x420         x480         x540
+ 30m        0.3710       0.4933       0.1050       0.4933       0.4933       0.4933       0.4933       0.4933       0.4933
+ 90m        0.1981       0.2666       0.1016       0.2667       0.2667       0.2667       0.2667       0.2667       0.2667
+150m        0.1277       0.1724       0.1016       0.1729       0.1729       0.1729       0.1729       0.1729       0.1729
+210m        0.0907       0.1227       0.1016       0.1245       0.1245       0.1245       0.1245       0.1245       0.1245
+270m        0.0697       0.0918       0.0996       0.0973       0.0973       0.0973       0.0973       0.0973       0.0973

=== pooled CSI by region, dBZ>=20 ===
  tropics
  + 30m        0.5094       0.5880       0.1531       0.5880       0.5880       0.5880       0.5880       0.5880       0.5880
  + 90m        0.3063       0.3649       0.1539       0.3652       0.3652       0.3652       0.3652       0.3652       0.3652
  +150m        0.2210       0.2610       0.1513       0.2621       0.2621       0.2621       0.2621       0.2621       0.2621
  +210m        0.1726       0.1994       0.1490       0.2045       0.2045       0.2045       0.2045       0.2045       0.2045
  +270m        0.1413       0.1613       0.1456       0.1756       0.1756       0.1756       0.1756       0.1756       0.1756
  midlat
  + 30m        0.4551       0.5793       0.2234       0.5793       0.5793       0.5793       0.5793       0.5793       0.5793
  + 90m        0.2921       0.3775       0.2149       0.3781       0.3781       0.3781       0.3781       0.3781       0.3781
  +150m        0.2170       0.2837       0.2177       0.2861       0.2861       0.2861       0.2861       0.2861       0.2861
  +210m        0.1674       0.2211       0.2153       0.2312       0.2312       0.2312       0.2312       0.2312       0.2312
  +270m        0.1350       0.1760       0.2093       0.2110       0.2110       0.2110       0.2110       0.2110       0.2110

=== FSS (window 25), dBZ>=20 ===
lead      persistence    advection          gfs        blend         x300         x360         x420         x480         x540
+ 30m        0.9735       0.9801       0.6618       0.9801       0.9801       0.9801       0.9801       0.9801       0.9801
+ 90m        0.8885       0.9223       0.6587       0.9224       0.9224       0.9224       0.9224       0.9224       0.9224
+150m        0.7871       0.8498       0.6579       0.8512       0.8512       0.8512       0.8512       0.8512       0.8512
+210m        0.6836       0.7659       0.6491       0.7781       0.7781       0.7781       0.7781       0.7781       0.7781
+270m        0.5977       0.6862       0.6362       0.7342       0.7342       0.7342       0.7342       0.7342       0.7342

=== frequency bias, dBZ>=20 (>1 = too wet) ===
   persistence: 1.04  1.06  1.06  1.08  1.11
     advection: 0.97  1.03  1.03  1.02  1.01
           gfs: 1.72  1.79  1.78  1.86  1.91
         blend: 0.97  1.03  1.03  1.05  1.16
          x300: 0.97  1.03  1.03  1.05  1.16
          x360: 0.97  1.03  1.03  1.05  1.16
          x420: 0.97  1.03  1.03  1.05  1.16
          x480: 0.97  1.03  1.03  1.05  1.16
          x540: 0.97  1.03  1.03  1.05  1.16
