ML correction active: False  (false => 'gfs' is the raw model)
case 2026-07-26 00:00Z
  + 30m  persistence=0.4891  advection=0.6102  gfs=0.2088  blend=0.6102  x300=0.6102  x360=0.6102  x420=0.6102  x480=0.6102  x540=0.6102
  + 90m  persistence=0.3040  advection=0.3980  gfs=0.1972  blend=0.3983  x300=0.3989  x360=0.3983  x420=0.3981  x480=0.3980  x540=0.3980
  +150m  persistence=0.2341  advection=0.2985  gfs=0.1996  blend=0.3003  x300=0.3037  x360=0.3003  x420=0.2990  x480=0.2987  x540=0.2985
  +210m  persistence=0.1846  advection=0.2342  gfs=0.1931  blend=0.2413  x300=0.2527  x360=0.2413  x420=0.2365  x480=0.2351  x540=0.2345
  +270m  persistence=0.1463  advection=0.1888  gfs=0.1865  blend=0.2134  x300=0.2237  x360=0.2134  x420=0.1969  x480=0.1909  x540=0.1895
case 2026-07-26 12:00Z
  + 30m  persistence=0.4815  advection=0.5941  gfs=0.1989  blend=0.5941  x300=0.5941  x360=0.5941  x420=0.5941  x480=0.5941  x540=0.5941
  + 90m  persistence=0.2881  advection=0.3703  gfs=0.1911  blend=0.3709  x300=0.3718  x360=0.3709  x420=0.3705  x480=0.3705  x540=0.3704
  +150m  persistence=0.2130  advection=0.2783  gfs=0.1928  blend=0.2806  x300=0.2836  x360=0.2806  x420=0.2792  x480=0.2786  x540=0.2784
  +210m  persistence=0.1628  advection=0.2158  gfs=0.1909  blend=0.2245  x300=0.2381  x360=0.2245  x420=0.2187  x480=0.2169  x540=0.2162
  +270m  persistence=0.1256  advection=0.1681  gfs=0.1819  blend=0.1945  x300=0.2088  x360=0.1945  x420=0.1775  x480=0.1709  x540=0.1690
case 2026-07-27 00:00Z
  + 30m  persistence=0.4737  advection=0.5867  gfs=0.1959  blend=0.5867  x300=0.5867  x360=0.5867  x420=0.5867  x480=0.5867  x540=0.5867
  + 90m  persistence=0.2888  advection=0.3710  gfs=0.1851  blend=0.3713  x300=0.3717  x360=0.3713  x420=0.3710  x480=0.3710  x540=0.3710
  +150m  persistence=0.2090  advection=0.2689  gfs=0.1921  blend=0.2705  x300=0.2736  x360=0.2705  x420=0.2696  x480=0.2692  x540=0.2690
  +210m  persistence=0.1596  advection=0.2045  gfs=0.1869  blend=0.2121  x300=0.2254  x360=0.2121  x420=0.2067  x480=0.2053  x540=0.2048
  +270m  persistence=0.1295  advection=0.1616  gfs=0.1845  blend=0.1871  x300=0.2046  x360=0.1871  x420=0.1693  x480=0.1638  x540=0.1624
case 2026-07-27 12:00Z
  + 30m  persistence=0.3996  advection=0.4600  gfs=0.1812  blend=0.4600  x300=0.4600  x360=0.4600  x420=0.4600  x480=0.4600  x540=0.4600
  + 90m  persistence=0.2561  advection=0.3158  gfs=0.1812  blend=0.3164  x300=0.3175  x360=0.3164  x420=0.3160  x480=0.3158  x540=0.3158
  +150m  persistence=0.1921  advection=0.2466  gfs=0.1874  blend=0.2490  x300=0.2532  x360=0.2490  x420=0.2475  x480=0.2469  x540=0.2467
  +210m  persistence=0.1496  advection=0.1979  gfs=0.1885  blend=0.2069  x300=0.2214  x360=0.2069  x420=0.2011  x480=0.1990  x540=0.1982
  +270m  persistence=0.1249  advection=0.1726  gfs=0.1884  blend=0.2032  x300=0.2178  x360=0.2032  x420=0.1830  x480=0.1760  x540=0.1737
case 2026-07-28 00:00Z
  + 30m  persistence=0.4812  advection=0.5998  gfs=0.2096  blend=0.5998  x300=0.5998  x360=0.5998  x420=0.5998  x480=0.5998  x540=0.5998
  + 90m  persistence=0.3274  advection=0.3872  gfs=0.2050  blend=0.3874  x300=0.3880  x360=0.3874  x420=0.3873  x480=0.3872  x540=0.3872
  +150m  persistence=0.2243  advection=0.2783  gfs=0.1996  blend=0.2801  x300=0.2835  x360=0.2801  x420=0.2791  x480=0.2787  x540=0.2785
  +210m  persistence=0.1692  advection=0.2193  gfs=0.1905  blend=0.2252  x300=0.2368  x360=0.2252  x420=0.2213  x480=0.2202  x540=0.2196
  +270m  persistence=0.1383  advection=0.1726  gfs=0.1828  blend=0.1946  x300=0.2108  x360=0.1946  x420=0.1791  x480=0.1747  x540=0.1734
case 2026-07-28 12:00Z
  + 30m  persistence=0.4712  advection=0.5958  gfs=0.1893  blend=0.5958  x300=0.5958  x360=0.5958  x420=0.5958  x480=0.5958  x540=0.5958
  + 90m  persistence=0.2900  advection=0.3813  gfs=0.1918  blend=0.3819  x300=0.3826  x360=0.3819  x420=0.3815  x480=0.3814  x540=0.3813
  +150m  persistence=0.2130  advection=0.2849  gfs=0.1910  blend=0.2872  x300=0.2923  x360=0.2872  x420=0.2856  x480=0.2851  x540=0.2850
  +210m  persistence=0.1649  advection=0.2168  gfs=0.1952  blend=0.2267  x300=0.2424  x360=0.2267  x420=0.2196  x480=0.2178  x540=0.2172
  +270m  persistence=0.1352  advection=0.1733  gfs=0.1890  blend=0.2039  x300=0.2170  x360=0.2039  x420=0.1833  x480=0.1752  x540=0.1739
case 2026-07-29 00:00Z
  + 30m  persistence=0.4763  advection=0.5991  gfs=0.2037  blend=0.5991  x300=0.5991  x360=0.5991  x420=0.5991  x480=0.5991  x540=0.5991
  + 90m  persistence=0.3043  advection=0.3818  gfs=0.2000  blend=0.3825  x300=0.3834  x360=0.3825  x420=0.3821  x480=0.3820  x540=0.3819
  +150m  persistence=0.2315  advection=0.2819  gfs=0.2002  blend=0.2844  x300=0.2895  x360=0.2844  x420=0.2829  x480=0.2822  x540=0.2820
  +210m  persistence=0.1820  advection=0.2145  gfs=0.1989  blend=0.2276  x300=0.2456  x360=0.2276  x420=0.2185  x480=0.2158  x540=0.2150
  +270m  persistence=0.1463  advection=0.1678  gfs=0.1941  blend=0.2046  x300=0.2192  x360=0.2046  x420=0.1808  x480=0.1713  x540=0.1688
case 2026-07-29 12:00Z
  + 30m  persistence=0.4862  advection=0.6043  gfs=0.2065  blend=0.6043  x300=0.6043  x360=0.6043  x420=0.6043  x480=0.6043  x540=0.6043
  + 90m  persistence=0.3095  advection=0.3796  gfs=0.1978  blend=0.3799  x300=0.3805  x360=0.3799  x420=0.3797  x480=0.3796  x540=0.3796
  +150m  persistence=0.2269  advection=0.2725  gfs=0.1940  blend=0.2741  x300=0.2776  x360=0.2741  x420=0.2731  x480=0.2727  x540=0.2726
  +210m  persistence=0.1780  advection=0.2074  gfs=0.1931  blend=0.2150  x300=0.2286  x360=0.2150  x420=0.2095  x480=0.2082  x540=0.2077
  +270m  persistence=0.1484  advection=0.1626  gfs=0.1889  blend=0.1920  x300=0.2084  x360=0.1920  x420=0.1719  x480=0.1648  x540=0.1632

=== pooled CSI, dBZ>=5, 8 case(s) ===
lead      persistence    advection          gfs        blend         x300         x360         x420         x480         x540
+ 30m        0.5346       0.6282       0.1358       0.6282       0.6282       0.6282       0.6282       0.6282       0.6282
+ 90m        0.3655       0.4403       0.1311       0.4417       0.4437       0.4417       0.4408       0.4405       0.4404
+150m        0.2852       0.3469       0.1323       0.3590       0.3535       0.3590       0.3509       0.3479       0.3473
+210m        0.2323       0.2801       0.1308       0.3083       0.2836       0.3083       0.3019       0.2862       0.2814
+270m        0.1949       0.2323       0.1277       0.2595       0.1915       0.2595       0.2784       0.2620       0.2398

=== pooled CSI, dBZ>=10, 8 case(s) ===
lead      persistence    advection          gfs        blend         x300         x360         x420         x480         x540
+ 30m        0.5217       0.6189       0.1550       0.6189       0.6189       0.6189       0.6189       0.6189       0.6189
+ 90m        0.3507       0.4264       0.1486       0.4273       0.4288       0.4273       0.4267       0.4265       0.4264
+150m        0.2701       0.3317       0.1500       0.3385       0.3454       0.3385       0.3336       0.3323       0.3319
+210m        0.2175       0.2653       0.1479       0.2926       0.2902       0.2926       0.2757       0.2677       0.2660
+270m        0.1812       0.2182       0.1443       0.2628       0.2412       0.2628       0.2560       0.2312       0.2208

=== pooled CSI, dBZ>=20, 8 case(s) ===
lead      persistence    advection          gfs        blend         x300         x360         x420         x480         x540
+ 30m        0.4705       0.5819       0.1993       0.5819       0.5819       0.5819       0.5819       0.5819       0.5819
+ 90m        0.2963       0.3737       0.1937       0.3741       0.3748       0.3741       0.3738       0.3737       0.3737
+150m        0.2182       0.2766       0.1946       0.2786       0.2824       0.2786       0.2773       0.2769       0.2767
+210m        0.1689       0.2141       0.1921       0.2226       0.2365       0.2226       0.2167       0.2150       0.2144
+270m        0.1368       0.1711       0.1870       0.1993       0.2139       0.1993       0.1804       0.1736       0.1719

=== pooled CSI, dBZ>=30, 8 case(s) ===
lead      persistence    advection          gfs        blend         x300         x360         x420         x480         x540
+ 30m        0.3710       0.4933       0.1050       0.4933       0.4933       0.4933       0.4933       0.4933       0.4933
+ 90m        0.1981       0.2666       0.1016       0.2667       0.2669       0.2667       0.2666       0.2666       0.2666
+150m        0.1277       0.1724       0.1016       0.1729       0.1734       0.1729       0.1727       0.1725       0.1724
+210m        0.0907       0.1227       0.1016       0.1245       0.1276       0.1245       0.1234       0.1230       0.1228
+270m        0.0697       0.0918       0.0996       0.0973       0.1060       0.0973       0.0935       0.0924       0.0920

=== pooled CSI by region, dBZ>=20 ===
  tropics
  + 30m        0.5094       0.5880       0.1531       0.5880       0.5880       0.5880       0.5880       0.5880       0.5880
  + 90m        0.3063       0.3649       0.1539       0.3652       0.3656       0.3652       0.3650       0.3649       0.3649
  +150m        0.2210       0.2610       0.1513       0.2621       0.2637       0.2621       0.2614       0.2611       0.2610
  +210m        0.1726       0.1994       0.1490       0.2045       0.2107       0.2045       0.2014       0.2001       0.1997
  +270m        0.1413       0.1613       0.1456       0.1756       0.1822       0.1756       0.1667       0.1631       0.1618
  midlat
  + 30m        0.4551       0.5793       0.2234       0.5793       0.5793       0.5793       0.5793       0.5793       0.5793
  + 90m        0.2921       0.3775       0.2149       0.3781       0.3789       0.3781       0.3777       0.3776       0.3775
  +150m        0.2170       0.2837       0.2177       0.2861       0.2910       0.2861       0.2846       0.2841       0.2839
  +210m        0.1674       0.2211       0.2153       0.2312       0.2489       0.2312       0.2241       0.2221       0.2215
  +270m        0.1350       0.1760       0.2093       0.2110       0.2305       0.2110       0.1872       0.1789       0.1770

=== FSS (window 25), dBZ>=20 ===
lead      persistence    advection          gfs        blend         x300         x360         x420         x480         x540
+ 30m        0.9735       0.9801       0.6618       0.9801       0.9801       0.9801       0.9801       0.9801       0.9801
+ 90m        0.8885       0.9223       0.6587       0.9224       0.9225       0.9224       0.9223       0.9223       0.9223
+150m        0.7871       0.8498       0.6579       0.8512       0.8544       0.8512       0.8503       0.8500       0.8498
+210m        0.6836       0.7659       0.6491       0.7781       0.7942       0.7781       0.7694       0.7671       0.7663
+270m        0.5977       0.6862       0.6362       0.7342       0.7291       0.7342       0.7043       0.6905       0.6876

=== frequency bias, dBZ>=20 (>1 = too wet) ===
   persistence: 1.04  1.06  1.06  1.08  1.11
     advection: 0.97  1.03  1.03  1.02  1.01
           gfs: 1.72  1.79  1.78  1.86  1.91
         blend: 0.97  1.03  1.03  1.05  1.16
          x300: 0.97  1.03  1.05  1.16  1.50
          x360: 0.97  1.03  1.03  1.05  1.16
          x420: 0.97  1.03  1.03  1.03  1.04
          x480: 0.97  1.03  1.03  1.03  1.01
          x540: 0.97  1.03  1.03  1.03  1.01
