ML correction active: False  (false => 'gfs' is the raw model)
case 2026-07-26 00:00Z
  + 30m  persistence=0.4891  advection=0.6102  gfs=0.2088  blend=0.6102  x180=0.6102  x210=0.6102  x240=0.6102  x270=0.6102  x300=0.6102  x330=0.6102
  + 90m  persistence=0.3040  advection=0.3980  gfs=0.1972  blend=0.3983  x180=0.4017  x210=0.4014  x240=0.4003  x270=0.3994  x300=0.3989  x330=0.3986
  +150m  persistence=0.2341  advection=0.2985  gfs=0.1996  blend=0.3003  x180=0.3020  x210=0.3093  x240=0.3092  x270=0.3068  x300=0.3037  x330=0.3015
  +210m  persistence=0.1846  advection=0.2342  gfs=0.1931  blend=0.2413  x180=0.2408  x210=0.2476  x240=0.2530  x270=0.2554  x300=0.2527  x330=0.2467
  +270m  persistence=0.1463  advection=0.1888  gfs=0.1865  blend=0.2134  x180=0.2091  x210=0.2137  x240=0.2179  x270=0.2216  x300=0.2237  x330=0.2214
case 2026-07-26 12:00Z
  + 30m  persistence=0.4815  advection=0.5941  gfs=0.1989  blend=0.5941  x180=0.5941  x210=0.5941  x240=0.5941  x270=0.5941  x300=0.5941  x330=0.5941
  + 90m  persistence=0.2881  advection=0.3703  gfs=0.1911  blend=0.3709  x180=0.3750  x210=0.3747  x240=0.3735  x270=0.3725  x300=0.3718  x330=0.3713
  +150m  persistence=0.2130  advection=0.2783  gfs=0.1928  blend=0.2806  x180=0.2844  x210=0.2901  x240=0.2898  x270=0.2866  x300=0.2836  x330=0.2818
  +210m  persistence=0.1628  advection=0.2158  gfs=0.1909  blend=0.2245  x180=0.2348  x210=0.2393  x240=0.2433  x270=0.2435  x300=0.2381  x330=0.2303
  +270m  persistence=0.1256  advection=0.1681  gfs=0.1819  blend=0.1945  x180=0.2018  x210=0.2054  x240=0.2081  x270=0.2097  x300=0.2088  x330=0.2040
case 2026-07-27 00:00Z
  + 30m  persistence=0.4737  advection=0.5867  gfs=0.1959  blend=0.5867  x180=0.5867  x210=0.5867  x240=0.5867  x270=0.5867  x300=0.5867  x330=0.5867
  + 90m  persistence=0.2888  advection=0.3710  gfs=0.1851  blend=0.3713  x180=0.3738  x210=0.3736  x240=0.3727  x270=0.3721  x300=0.3717  x330=0.3714
  +150m  persistence=0.2090  advection=0.2689  gfs=0.1921  blend=0.2705  x180=0.2796  x210=0.2820  x240=0.2800  x270=0.2766  x300=0.2736  x330=0.2717
  +210m  persistence=0.1596  advection=0.2045  gfs=0.1869  blend=0.2121  x180=0.2266  x210=0.2315  x240=0.2343  x270=0.2320  x300=0.2254  x330=0.2177
  +270m  persistence=0.1295  advection=0.1616  gfs=0.1845  blend=0.1871  x180=0.2012  x210=0.2032  x240=0.2051  x270=0.2061  x300=0.2046  x330=0.1976
case 2026-07-27 12:00Z
  + 30m  persistence=0.3996  advection=0.4600  gfs=0.1812  blend=0.4600  x180=0.4600  x210=0.4600  x240=0.4600  x270=0.4600  x300=0.4600  x330=0.4600
  + 90m  persistence=0.2561  advection=0.3158  gfs=0.1812  blend=0.3164  x180=0.3243  x210=0.3218  x240=0.3199  x270=0.3184  x300=0.3175  x330=0.3169
  +150m  persistence=0.1921  advection=0.2466  gfs=0.1874  blend=0.2490  x180=0.2624  x210=0.2656  x240=0.2630  x270=0.2578  x300=0.2532  x330=0.2506
  +210m  persistence=0.1496  advection=0.1979  gfs=0.1885  blend=0.2069  x180=0.2260  x210=0.2302  x240=0.2331  x270=0.2302  x300=0.2214  x330=0.2133
  +270m  persistence=0.1249  advection=0.1726  gfs=0.1884  blend=0.2032  x180=0.2067  x210=0.2111  x240=0.2150  x270=0.2173  x300=0.2178  x330=0.2137
case 2026-07-28 00:00Z
  + 30m  persistence=0.4812  advection=0.5998  gfs=0.2096  blend=0.5998  x180=0.5998  x210=0.5998  x240=0.5998  x270=0.5998  x300=0.5998  x330=0.5998
  + 90m  persistence=0.3274  advection=0.3872  gfs=0.2050  blend=0.3874  x180=0.3916  x210=0.3905  x240=0.3894  x270=0.3886  x300=0.3880  x330=0.3877
  +150m  persistence=0.2243  advection=0.2783  gfs=0.1996  blend=0.2801  x180=0.2873  x210=0.2902  x240=0.2901  x270=0.2867  x300=0.2835  x330=0.2813
  +210m  persistence=0.1692  advection=0.2193  gfs=0.1905  blend=0.2252  x180=0.2347  x210=0.2396  x240=0.2429  x270=0.2421  x300=0.2368  x330=0.2305
  +270m  persistence=0.1383  advection=0.1726  gfs=0.1828  blend=0.1946  x180=0.2034  x210=0.2071  x240=0.2094  x270=0.2113  x300=0.2108  x330=0.2050
case 2026-07-28 12:00Z
  + 30m  persistence=0.4712  advection=0.5958  gfs=0.1893  blend=0.5958  x180=0.5958  x210=0.5958  x240=0.5958  x270=0.5958  x300=0.5958  x330=0.5958
  + 90m  persistence=0.2900  advection=0.3813  gfs=0.1918  blend=0.3819  x180=0.3864  x210=0.3855  x240=0.3843  x270=0.3833  x300=0.3826  x330=0.3822
  +150m  persistence=0.2130  advection=0.2849  gfs=0.1910  blend=0.2872  x180=0.2905  x210=0.2976  x240=0.3002  x270=0.2974  x300=0.2923  x330=0.2890
  +210m  persistence=0.1649  advection=0.2168  gfs=0.1952  blend=0.2267  x180=0.2374  x210=0.2427  x240=0.2463  x270=0.2469  x300=0.2424  x330=0.2345
  +270m  persistence=0.1352  advection=0.1733  gfs=0.1890  blend=0.2039  x180=0.2073  x210=0.2114  x240=0.2146  x270=0.2169  x300=0.2170  x330=0.2130
case 2026-07-29 00:00Z
  + 30m  persistence=0.4763  advection=0.5991  gfs=0.2037  blend=0.5991  x180=0.5991  x210=0.5991  x240=0.5991  x270=0.5991  x300=0.5991  x330=0.5991
  + 90m  persistence=0.3043  advection=0.3818  gfs=0.2000  blend=0.3825  x180=0.3881  x210=0.3867  x240=0.3854  x270=0.3842  x300=0.3834  x330=0.3829
  +150m  persistence=0.2315  advection=0.2819  gfs=0.2002  blend=0.2844  x180=0.2904  x210=0.2978  x240=0.2979  x270=0.2940  x300=0.2895  x330=0.2862
  +210m  persistence=0.1820  advection=0.2145  gfs=0.1989  blend=0.2276  x180=0.2385  x210=0.2453  x240=0.2512  x270=0.2529  x300=0.2456  x330=0.2365
  +270m  persistence=0.1463  advection=0.1678  gfs=0.1941  blend=0.2046  x180=0.2083  x210=0.2119  x240=0.2155  x270=0.2177  x300=0.2192  x330=0.2169
case 2026-07-29 12:00Z
  + 30m  persistence=0.4862  advection=0.6043  gfs=0.2065  blend=0.6043  x180=0.6043  x210=0.6043  x240=0.6043  x270=0.6043  x300=0.6043  x330=0.6043
  + 90m  persistence=0.3095  advection=0.3796  gfs=0.1978  blend=0.3799  x180=0.3824  x210=0.3823  x240=0.3818  x270=0.3809  x300=0.3805  x330=0.3801
  +150m  persistence=0.2269  advection=0.2725  gfs=0.1940  blend=0.2741  x180=0.2767  x210=0.2828  x240=0.2837  x270=0.2815  x300=0.2776  x330=0.2753
  +210m  persistence=0.1780  advection=0.2074  gfs=0.1931  blend=0.2150  x180=0.2278  x210=0.2322  x240=0.2351  x270=0.2341  x300=0.2286  x330=0.2213
  +270m  persistence=0.1484  advection=0.1626  gfs=0.1889  blend=0.1920  x180=0.2034  x210=0.2060  x240=0.2088  x270=0.2101  x300=0.2084  x330=0.2026

=== pooled CSI, dBZ>=5, 8 case(s) ===
lead      persistence    advection          gfs        blend         x180         x210         x240         x270         x300         x330
+ 30m        0.5346       0.6282       0.1358       0.6282       0.6282       0.6282       0.6282       0.6282       0.6282       0.6282
+ 90m        0.3655       0.4403       0.1311       0.4417       0.3907       0.4131       0.4313       0.4417       0.4437       0.4428
+150m        0.2852       0.3469       0.1323       0.3590       0.2374       0.2799       0.3223       0.3416       0.3535       0.3596
+210m        0.2323       0.2801       0.1308       0.3083       0.1676       0.1830       0.2077       0.2443       0.2836       0.3015
+270m        0.1949       0.2323       0.1277       0.2595       0.1430       0.1482       0.1565       0.1699       0.1915       0.2238

=== pooled CSI, dBZ>=10, 8 case(s) ===
lead      persistence    advection          gfs        blend         x180         x210         x240         x270         x300         x330
+ 30m        0.5217       0.6189       0.1550       0.6189       0.6189       0.6189       0.6189       0.6189       0.6189       0.6189
+ 90m        0.3507       0.4264       0.1486       0.4273       0.4072       0.4226       0.4295       0.4299       0.4288       0.4278
+150m        0.2701       0.3317       0.1500       0.3385       0.3003       0.3181       0.3315       0.3411       0.3454       0.3429
+210m        0.2175       0.2653       0.1479       0.2926       0.2113       0.2360       0.2639       0.2812       0.2902       0.2945
+270m        0.1812       0.2182       0.1443       0.2628       0.1693       0.1791       0.1941       0.2159       0.2412       0.2569

=== pooled CSI, dBZ>=20, 8 case(s) ===
lead      persistence    advection          gfs        blend         x180         x210         x240         x270         x300         x330
+ 30m        0.4705       0.5819       0.1993       0.5819       0.5819       0.5819       0.5819       0.5819       0.5819       0.5819
+ 90m        0.2963       0.3737       0.1937       0.3741       0.3784       0.3776       0.3764       0.3755       0.3748       0.3744
+150m        0.2182       0.2766       0.1946       0.2786       0.2844       0.2897       0.2895       0.2862       0.2824       0.2800
+210m        0.1689       0.2141       0.1921       0.2226       0.2334       0.2386       0.2425       0.2422       0.2365       0.2290
+270m        0.1368       0.1711       0.1870       0.1993       0.2052       0.2087       0.2118       0.2139       0.2139       0.2094

=== pooled CSI, dBZ>=30, 8 case(s) ===
lead      persistence    advection          gfs        blend         x180         x210         x240         x270         x300         x330
+ 30m        0.3710       0.4933       0.1050       0.4933       0.4933       0.4933       0.4933       0.4933       0.4933       0.4933
+ 90m        0.1981       0.2666       0.1016       0.2667       0.2679       0.2677       0.2674       0.2671       0.2669       0.2668
+150m        0.1277       0.1724       0.1016       0.1729       0.1740       0.1748       0.1745       0.1740       0.1734       0.1731
+210m        0.0907       0.1227       0.1016       0.1245       0.1284       0.1319       0.1322       0.1300       0.1276       0.1258
+270m        0.0697       0.0918       0.0996       0.0973       0.1077       0.1097       0.1109       0.1097       0.1060       0.1012

=== pooled CSI by region, dBZ>=20 ===
  tropics
  + 30m        0.5094       0.5880       0.1531       0.5880       0.5880       0.5880       0.5880       0.5880       0.5880       0.5880
  + 90m        0.3063       0.3649       0.1539       0.3652       0.3662       0.3666       0.3663       0.3660       0.3656       0.3653
  +150m        0.2210       0.2610       0.1513       0.2621       0.2518       0.2620       0.2653       0.2650       0.2637       0.2628
  +210m        0.1726       0.1994       0.1490       0.2045       0.1939       0.2017       0.2091       0.2128       0.2107       0.2072
  +270m        0.1413       0.1613       0.1456       0.1756       0.1659       0.1701       0.1745       0.1788       0.1822       0.1815
  midlat
  + 30m        0.4551       0.5793       0.2234       0.5793       0.5793       0.5793       0.5793       0.5793       0.5793       0.5793
  + 90m        0.2921       0.3775       0.2149       0.3781       0.3838       0.3824       0.3809       0.3796       0.3789       0.3784
  +150m        0.2170       0.2837       0.2177       0.2861       0.3003       0.3025       0.3006       0.2959       0.2910       0.2879
  +210m        0.1674       0.2211       0.2153       0.2312       0.2545       0.2581       0.2595       0.2567       0.2489       0.2394
  +270m        0.1350       0.1760       0.2093       0.2110       0.2268       0.2300       0.2322       0.2328       0.2305       0.2236

=== FSS (window 25), dBZ>=20 ===
lead      persistence    advection          gfs        blend         x180         x210         x240         x270         x300         x330
+ 30m        0.9735       0.9801       0.6618       0.9801       0.9801       0.9801       0.9801       0.9801       0.9801       0.9801
+ 90m        0.8885       0.9223       0.6587       0.9224       0.9214       0.9226       0.9228       0.9226       0.9225       0.9224
+150m        0.7871       0.8498       0.6579       0.8512       0.8263       0.8466       0.8558       0.8568       0.8544       0.8523
+210m        0.6836       0.7659       0.6491       0.7781       0.7303       0.7512       0.7740       0.7908       0.7942       0.7875
+270m        0.5977       0.6862       0.6362       0.7342       0.6719       0.6825       0.6956       0.7121       0.7291       0.7391

=== frequency bias, dBZ>=20 (>1 = too wet) ===
   persistence: 1.04  1.06  1.06  1.08  1.11
     advection: 0.97  1.03  1.03  1.02  1.01
           gfs: 1.72  1.79  1.78  1.86  1.91
         blend: 0.97  1.03  1.03  1.05  1.16
          x180: 0.97  1.07  1.36  1.74  1.90
          x210: 0.97  1.05  1.22  1.62  1.87
          x240: 0.97  1.04  1.13  1.46  1.80
          x270: 0.97  1.04  1.07  1.29  1.67
          x300: 0.97  1.03  1.05  1.16  1.50
          x330: 0.97  1.03  1.04  1.09  1.31
