ML correction active: False  (false => 'gfs' is the raw model)
case 2026-08-03 00:00Z
  + 30m  persistence=0.4999  advection=0.6105  gfs=0.2383  blend=0.6105
  + 90m  persistence=0.3330  advection=0.3999  gfs=0.2524  blend=0.4001
  +150m  persistence=0.2602  advection=0.3041  gfs=0.2545  blend=0.3051
  +210m  persistence=0.2119  advection=0.2420  gfs=0.2629  blend=0.2472
  +270m  persistence=0.1787  advection=0.2040  gfs=0.2580  blend=0.2221
case 2026-08-03 12:00Z
  + 30m  persistence=0.4890  advection=0.6049  gfs=0.2161  blend=0.6049
  + 90m  persistence=0.3191  advection=0.3874  gfs=0.2308  blend=0.3876
  +150m  persistence=0.2520  advection=0.3030  gfs=0.2330  blend=0.3040
  +210m  persistence=0.2098  advection=0.2532  gfs=0.2602  blend=0.2583
  +270m  persistence=0.1830  advection=0.2166  gfs=0.2554  blend=0.2352
case 2026-08-04 00:00Z
  + 30m  persistence=0.4959  advection=0.5661  gfs=0.2244  blend=0.5661
  + 90m  persistence=0.3248  advection=0.3606  gfs=0.2296  blend=0.3608
  +150m  persistence=0.2563  advection=0.2748  gfs=0.2397  blend=0.2758
  +210m  persistence=0.2150  advection=0.2212  gfs=0.2604  blend=0.2254
  +270m  persistence=0.1883  advection=0.1698  gfs=0.2522  blend=0.1911
case 2026-08-04 12:00Z
  + 30m  persistence=0.4950  advection=0.5993  gfs=0.2051  blend=0.5993
  + 90m  persistence=0.3217  advection=0.3870  gfs=0.2195  blend=0.3873
  +150m  persistence=0.2460  advection=0.2929  gfs=0.2217  blend=0.2940
  +210m  persistence=0.2070  advection=0.2424  gfs=0.2513  blend=0.2474
  +270m  persistence=0.1734  advection=0.1915  gfs=0.2427  blend=0.2117
case 2026-08-05 00:00Z
  + 30m  persistence=0.4820  advection=0.5544  gfs=0.2253  blend=0.5544
  + 90m  persistence=0.3186  advection=0.3507  gfs=0.2263  blend=0.3510
  +150m  persistence=0.2526  advection=0.2676  gfs=0.2294  blend=0.2687
  +210m  persistence=0.2206  advection=0.2154  gfs=0.2314  blend=0.2202
case 2026-08-05 12:00Z
  + 30m  persistence=0.5023  advection=0.6002  gfs=0.2104  blend=0.6002
  + 90m  persistence=0.3293  advection=0.4010  gfs=0.2282  blend=0.4013
  +150m  persistence=0.2510  advection=0.3096  gfs=0.2288  blend=0.3106
  +210m  persistence=0.2044  advection=0.2478  gfs=0.2503  blend=0.2528
  +270m  persistence=0.1686  advection=0.2016  gfs=0.2358  blend=0.2195

=== pooled CSI, dBZ>=5, 6 case(s) ===
lead      persistence    advection          gfs        blend
+ 30m        0.5559       0.6361       0.1915       0.6361
+ 90m        0.3919       0.4492       0.1896       0.4500
+150m        0.3179       0.3626       0.1933       0.3697
+210m        0.2733       0.3046       0.1811       0.3455
+270m        0.2354       0.2584       0.1788       0.3234

=== pooled CSI, dBZ>=10, 6 case(s) ===
lead      persistence    advection          gfs        blend
+ 30m        0.5434       0.6271       0.2322       0.6271
+ 90m        0.3779       0.4354       0.2363       0.4359
+150m        0.3037       0.3478       0.2391       0.3507
+210m        0.2592       0.2897       0.2382       0.3133
+270m        0.2223       0.2444       0.2347       0.3044

=== pooled CSI, dBZ>=20, 6 case(s) ===
lead      persistence    advection          gfs        blend
+ 30m        0.4942       0.5897       0.2200       0.5897
+ 90m        0.3245       0.3816       0.2312       0.3818
+150m        0.2531       0.2925       0.2346       0.2935
+210m        0.2113       0.2375       0.2530       0.2424
+270m        0.1785       0.1971       0.2489       0.2162

=== pooled CSI, dBZ>=30, 6 case(s) ===
lead      persistence    advection          gfs        blend
+ 30m        0.3741       0.4774       0.0674       0.4774
+ 90m        0.2109       0.2563       0.0710       0.2563
+150m        0.1509       0.1740       0.0685       0.1739
+210m        0.1168       0.1269       0.0919       0.1273
+270m        0.0959       0.0974       0.0927       0.0984

=== pooled CSI by region, dBZ>=20 ===
  tropics
  + 30m        0.5270       0.5932       0.1733       0.5932
  + 90m        0.3290       0.3696       0.1904       0.3697
  +150m        0.2515       0.2740       0.1874       0.2746
  +210m        0.2110       0.2210       0.2045       0.2244
  +270m        0.1762       0.1861       0.1962       0.1965
  midlat
  + 30m        0.4798       0.5881       0.2447       0.5881
  + 90m        0.3225       0.3872       0.2530       0.3875
  +150m        0.2538       0.3014       0.2597       0.3027
  +210m        0.2114       0.2457       0.2801       0.2514
  +270m        0.1795       0.2027       0.2783       0.2264

=== FSS (window 25), dBZ>=20 ===
lead      persistence    advection          gfs        blend
+ 30m        0.9788       0.9814       0.7252       0.9814
+ 90m        0.9063       0.9237       0.7398       0.9238
+150m        0.8293       0.8571       0.7437       0.8579
+210m        0.7541       0.7815       0.7392       0.7873
+270m        0.6783       0.7098       0.7307       0.7414

=== frequency bias, dBZ>=20 (>1 = too wet) ===
   persistence: 1.02  1.05  1.05  1.05  1.07
     advection: 0.96  1.02  1.02  0.99  0.96
           gfs: 0.94  1.07  1.07  1.30  1.31
         blend: 0.96  1.02  1.02  0.99  1.00
